[      23ms] [ERROR] Failed to load resource: the server responded with a status of 404 (File not found) @ http://localhost:8900/Bio%20and%20pannel/Fotos/foto-5.png:0
[      38ms] [WARNING] cdn.tailwindcss.com should not be used in production. To use Tailwind CSS in production, install it as a PostCSS plugin or use the Tailwind CLI: https://tailwindcss.com/docs/installation @ https://cdn.tailwindcss.com/:63
[      91ms] [ERROR] Failed to load resource: the server responded with a status of 404 (File not found) @ http://localhost:8900/Bio%20and%20pannel/Fotos/foto-5.png:0
[     127ms] [ERROR] Failed to load resource: the server responded with a status of 404 (File not found) @ http://localhost:8900/Bio%20and%20pannel/Fotos/foto-5.png:0
[     280ms] [ERROR] Failed to load resource: the server responded with a status of 404 (File not found) @ http://localhost:8900/Bio%20and%20pannel/Fotos/foto-5.png:0
[   60285ms] [ERROR] Failed to load resource: the server responded with a status of 404 (File not found) @ http://localhost:8900/Bio%20and%20pannel/Fotos/foto-5.png:0
[   91171ms] [ERROR] Failed to load resource: the server responded with a status of 404 (File not found) @ http://localhost:8900/Bio%20and%20pannel/Fotos/foto-5.png:0
[  120278ms] [ERROR] Failed to load resource: the server responded with a status of 404 (File not found) @ http://localhost:8900/Bio%20and%20pannel/Fotos/foto-5.png:0
[  180274ms] [ERROR] Failed to load resource: the server responded with a status of 404 (File not found) @ http://localhost:8900/Bio%20and%20pannel/Fotos/foto-5.png:0
[  240417ms] [ERROR] Failed to load resource: the server responded with a status of 404 (File not found) @ http://localhost:8900/Bio%20and%20pannel/Fotos/foto-5.png:0
[  300286ms] [ERROR] Failed to load resource: the server responded with a status of 404 (File not found) @ http://localhost:8900/Bio%20and%20pannel/Fotos/foto-5.png:0
[  360302ms] [ERROR] Failed to load resource: the server responded with a status of 404 (File not found) @ http://localhost:8900/Bio%20and%20pannel/Fotos/foto-5.png:0
[  420281ms] [ERROR] Failed to load resource: the server responded with a status of 404 (File not found) @ http://localhost:8900/Bio%20and%20pannel/Fotos/foto-5.png:0
[  480287ms] [ERROR] Failed to load resource: the server responded with a status of 404 (File not found) @ http://localhost:8900/Bio%20and%20pannel/Fotos/foto-5.png:0
[  540294ms] [ERROR] Failed to load resource: the server responded with a status of 404 (File not found) @ http://localhost:8900/Bio%20and%20pannel/Fotos/foto-5.png:0
[  600425ms] [ERROR] Failed to load resource: the server responded with a status of 404 (File not found) @ http://localhost:8900/Bio%20and%20pannel/Fotos/foto-5.png:0
[  660310ms] [ERROR] Failed to load resource: the server responded with a status of 404 (File not found) @ http://localhost:8900/Bio%20and%20pannel/Fotos/foto-5.png:0
[  720286ms] [ERROR] Failed to load resource: the server responded with a status of 404 (File not found) @ http://localhost:8900/Bio%20and%20pannel/Fotos/foto-5.png:0
[  780288ms] [ERROR] Failed to load resource: the server responded with a status of 404 (File not found) @ http://localhost:8900/Bio%20and%20pannel/Fotos/foto-5.png:0
[  840294ms] [ERROR] Failed to load resource: the server responded with a status of 404 (File not found) @ http://localhost:8900/Bio%20and%20pannel/Fotos/foto-5.png:0
[  900292ms] [ERROR] Failed to load resource: the server responded with a status of 404 (File not found) @ http://localhost:8900/Bio%20and%20pannel/Fotos/foto-5.png:0
[  960412ms] [ERROR] Failed to load resource: the server responded with a status of 404 (File not found) @ http://localhost:8900/Bio%20and%20pannel/Fotos/foto-5.png:0
