[      19ms] [ERROR] Failed to load resource: the server responded with a status of 404 (File not found) @ http://localhost:8901/Bio%20and%20pannel/Fotos/foto-5.png:0
[      65ms] [WARNING] cdn.tailwindcss.com should not be used in production. To use Tailwind CSS in production, install it as a PostCSS plugin or use the Tailwind CLI: https://tailwindcss.com/docs/installation @ https://cdn.tailwindcss.com/:63
[     148ms] [ERROR] Failed to load resource: the server responded with a status of 404 (File not found) @ http://localhost:8901/Bio%20and%20pannel/Fotos/foto-5.png:0
[     194ms] [ERROR] Failed to load resource: the server responded with a status of 404 (File not found) @ http://localhost:8901/Bio%20and%20pannel/Fotos/foto-5.png:0
[     941ms] [ERROR] Failed to load resource: the server responded with a status of 404 (File not found) @ http://localhost:8901/Bio%20and%20pannel/Fotos/foto-5.png:0
[   60352ms] [ERROR] Failed to load resource: the server responded with a status of 404 (File not found) @ http://localhost:8901/Bio%20and%20pannel/Fotos/foto-5.png:0
[  120342ms] [ERROR] Failed to load resource: the server responded with a status of 404 (File not found) @ http://localhost:8901/Bio%20and%20pannel/Fotos/foto-5.png:0
[  180367ms] [ERROR] Failed to load resource: the server responded with a status of 404 (File not found) @ http://localhost:8901/Bio%20and%20pannel/Fotos/foto-5.png:0
[  240354ms] [ERROR] Failed to load resource: the server responded with a status of 404 (File not found) @ http://localhost:8901/Bio%20and%20pannel/Fotos/foto-5.png:0
[  300359ms] [ERROR] Failed to load resource: the server responded with a status of 404 (File not found) @ http://localhost:8901/Bio%20and%20pannel/Fotos/foto-5.png:0
[  360378ms] [ERROR] Failed to load resource: the server responded with a status of 404 (File not found) @ http://localhost:8901/Bio%20and%20pannel/Fotos/foto-5.png:0
[  420359ms] [ERROR] Failed to load resource: the server responded with a status of 404 (File not found) @ http://localhost:8901/Bio%20and%20pannel/Fotos/foto-5.png:0
[  485240ms] [ERROR] Failed to load resource: the server responded with a status of 404 (File not found) @ http://localhost:8901/Bio%20and%20pannel/Fotos/foto-5.png:0
[  541120ms] [ERROR] Failed to load resource: the server responded with a status of 404 (File not found) @ http://localhost:8901/Bio%20and%20pannel/Fotos/foto-5.png:0
[  600348ms] [ERROR] Failed to load resource: the server responded with a status of 404 (File not found) @ http://localhost:8901/Bio%20and%20pannel/Fotos/foto-5.png:0
[  660373ms] [ERROR] Failed to load resource: the server responded with a status of 404 (File not found) @ http://localhost:8901/Bio%20and%20pannel/Fotos/foto-5.png:0
[  720377ms] [ERROR] Failed to load resource: the server responded with a status of 404 (File not found) @ http://localhost:8901/Bio%20and%20pannel/Fotos/foto-5.png:0
[  780411ms] [ERROR] Failed to load resource: the server responded with a status of 404 (File not found) @ http://localhost:8901/Bio%20and%20pannel/Fotos/foto-5.png:0
[  840539ms] [ERROR] Failed to load resource: the server responded with a status of 404 (File not found) @ http://localhost:8901/Bio%20and%20pannel/Fotos/foto-5.png:0
[  900382ms] [ERROR] Failed to load resource: the server responded with a status of 404 (File not found) @ http://localhost:8901/Bio%20and%20pannel/Fotos/foto-5.png:0
[  960365ms] [ERROR] Failed to load resource: the server responded with a status of 404 (File not found) @ http://localhost:8901/Bio%20and%20pannel/Fotos/foto-5.png:0
[ 1020359ms] [ERROR] Failed to load resource: the server responded with a status of 404 (File not found) @ http://localhost:8901/Bio%20and%20pannel/Fotos/foto-5.png:0
[ 1080353ms] [ERROR] Failed to load resource: the server responded with a status of 404 (File not found) @ http://localhost:8901/Bio%20and%20pannel/Fotos/foto-5.png:0
[ 1140373ms] [ERROR] Failed to load resource: the server responded with a status of 404 (File not found) @ http://localhost:8901/Bio%20and%20pannel/Fotos/foto-5.png:0
[ 1200611ms] [ERROR] Failed to load resource: the server responded with a status of 404 (File not found) @ http://localhost:8901/Bio%20and%20pannel/Fotos/foto-5.png:0
[ 1260367ms] [ERROR] Failed to load resource: the server responded with a status of 404 (File not found) @ http://localhost:8901/Bio%20and%20pannel/Fotos/foto-5.png:0
[ 1320411ms] [ERROR] Failed to load resource: the server responded with a status of 404 (File not found) @ http://localhost:8901/Bio%20and%20pannel/Fotos/foto-5.png:0
[ 1380353ms] [ERROR] Failed to load resource: the server responded with a status of 404 (File not found) @ http://localhost:8901/Bio%20and%20pannel/Fotos/foto-5.png:0
[ 1440385ms] [ERROR] Failed to load resource: the server responded with a status of 404 (File not found) @ http://localhost:8901/Bio%20and%20pannel/Fotos/foto-5.png:0
[ 1500381ms] [ERROR] Failed to load resource: the server responded with a status of 404 (File not found) @ http://localhost:8901/Bio%20and%20pannel/Fotos/foto-5.png:0
[ 1560512ms] [ERROR] Failed to load resource: the server responded with a status of 404 (File not found) @ http://localhost:8901/Bio%20and%20pannel/Fotos/foto-5.png:0
[ 1620408ms] [ERROR] Failed to load resource: the server responded with a status of 404 (File not found) @ http://localhost:8901/Bio%20and%20pannel/Fotos/foto-5.png:0
[ 1680430ms] [ERROR] Failed to load resource: the server responded with a status of 404 (File not found) @ http://localhost:8901/Bio%20and%20pannel/Fotos/foto-5.png:0
[ 1740437ms] [ERROR] Failed to load resource: the server responded with a status of 404 (File not found) @ http://localhost:8901/Bio%20and%20pannel/Fotos/foto-5.png:0
[ 1800456ms] [ERROR] Failed to load resource: the server responded with a status of 404 (File not found) @ http://localhost:8901/Bio%20and%20pannel/Fotos/foto-5.png:0
[ 1860482ms] [ERROR] Failed to load resource: the server responded with a status of 404 (File not found) @ http://localhost:8901/Bio%20and%20pannel/Fotos/foto-5.png:0
[ 1920633ms] [ERROR] Failed to load resource: the server responded with a status of 404 (File not found) @ http://localhost:8901/Bio%20and%20pannel/Fotos/foto-5.png:0
[ 1980498ms] [ERROR] Failed to load resource: the server responded with a status of 404 (File not found) @ http://localhost:8901/Bio%20and%20pannel/Fotos/foto-5.png:0
[ 2040506ms] [ERROR] Failed to load resource: the server responded with a status of 404 (File not found) @ http://localhost:8901/Bio%20and%20pannel/Fotos/foto-5.png:0
[ 2100537ms] [ERROR] Failed to load resource: the server responded with a status of 404 (File not found) @ http://localhost:8901/Bio%20and%20pannel/Fotos/foto-5.png:0
[ 2160554ms] [ERROR] Failed to load resource: the server responded with a status of 404 (File not found) @ http://localhost:8901/Bio%20and%20pannel/Fotos/foto-5.png:0
[ 2220573ms] [ERROR] Failed to load resource: the server responded with a status of 404 (File not found) @ http://localhost:8901/Bio%20and%20pannel/Fotos/foto-5.png:0
[ 2280703ms] [ERROR] Failed to load resource: the server responded with a status of 404 (File not found) @ http://localhost:8901/Bio%20and%20pannel/Fotos/foto-5.png:0
[ 2340586ms] [ERROR] Failed to load resource: the server responded with a status of 404 (File not found) @ http://localhost:8901/Bio%20and%20pannel/Fotos/foto-5.png:0
[ 2400600ms] [ERROR] Failed to load resource: the server responded with a status of 404 (File not found) @ http://localhost:8901/Bio%20and%20pannel/Fotos/foto-5.png:0
[ 2460624ms] [ERROR] Failed to load resource: the server responded with a status of 404 (File not found) @ http://localhost:8901/Bio%20and%20pannel/Fotos/foto-5.png:0
[ 2520631ms] [ERROR] Failed to load resource: the server responded with a status of 404 (File not found) @ http://localhost:8901/Bio%20and%20pannel/Fotos/foto-5.png:0
[ 2580657ms] [ERROR] Failed to load resource: the server responded with a status of 404 (File not found) @ http://localhost:8901/Bio%20and%20pannel/Fotos/foto-5.png:0
[ 8619646ms] [ERROR] Failed to load resource: net::ERR_INTERNET_DISCONNECTED @ https://decapi.me/twitch/uptime/omarotto:0
[ 8619726ms] [ERROR] Failed to load resource: the server responded with a status of 404 (File not found) @ http://localhost:8901/Bio%20and%20pannel/Fotos/foto-5.png:0
[ 8641501ms] [ERROR] Failed to load resource: the server responded with a status of 404 (File not found) @ http://localhost:8901/Bio%20and%20pannel/Fotos/foto-5.png:0
[ 8700657ms] [ERROR] Failed to load resource: the server responded with a status of 404 (File not found) @ http://localhost:8901/Bio%20and%20pannel/Fotos/foto-5.png:0
[ 8760630ms] [ERROR] Failed to load resource: the server responded with a status of 404 (File not found) @ http://localhost:8901/Bio%20and%20pannel/Fotos/foto-5.png:0
[ 8820620ms] [ERROR] Failed to load resource: the server responded with a status of 404 (File not found) @ http://localhost:8901/Bio%20and%20pannel/Fotos/foto-5.png:0
[ 8880641ms] [ERROR] Failed to load resource: the server responded with a status of 404 (File not found) @ http://localhost:8901/Bio%20and%20pannel/Fotos/foto-5.png:0
